Installing qmail AUTH 071 (Build 20100805095540) at Fri Jan 21 21:11:20 GMT 2011 <<<
Targeting file TARGETS ...
--> TARGETS copied to TARGETS.071
--> Patching qmail source file TARGETS  ....
patching file TARGETS
Targeting file Makefile ...
--> Makefile copied to Makefile.071
--> Patching qmail source file Makefile  ....
patching file Makefile
Hunk #3 FAILED at 1551.
1 out of 4 hunks FAILED -- saving rejects to file Makefile.rej
Targeting file qmail-smtpd.c ...
--> qmail-smtpd.c copied to qmail-smtpd.c.071
--> Patching qmail source file qmail-smtpd.c  ....
patching file qmail-smtpd.c
Hunk #1 FAILED at 23.
Hunk #2 FAILED at 54.
Hunk #3 succeeded at 76 with fuzz 1 (offset 11 lines).
Hunk #4 succeeded at 104 (offset 11 lines).
Hunk #5 succeeded at 152 (offset 23 lines).
Hunk #6 succeeded at 175 (offset 34 lines).
Hunk #7 FAILED at 274.
Hunk #8 succeeded at 384 with fuzz 2 (offset 71 lines).
Hunk #9 FAILED at 403.
Hunk #10 succeeded at 570 (offset 94 lines).
Hunk #11 succeeded at 580 (offset 94 lines).
Hunk #12 succeeded at 825 (offset 94 lines).
4 out of 12 hunks FAILED -- saving rejects to file qmail-smtpd.c.rej
Targeting file qmail-smtpd.8 ...
--> qmail-smtpd.8 copied to qmail-smtpd.8.071
--> Patching qmail source file qmail-smtpd.8  ....
patching file qmail-smtpd.8
Targeting file qmail-remote.c ...
--> qmail-remote.c copied to qmail-remote.c.071
--> Patching qmail source file qmail-remote.c  ....
patching file qmail-remote.c
Targeting file qmail-remote.8 ...
--> qmail-remote.8 copied to qmail-remote.8.071
--> Patching qmail source file qmail-remote.8  ....
patching file qmail-remote.8
Targeting file qmail-showctl.c ...
--> qmail-showctl.c copied to qmail-showctl.c.071
--> Patching qmail source file qmail-showctl.c  ....
patching file qmail-showctl.c
Hunk #1 FAILED at 214.
Hunk #2 FAILED at 266.
2 out of 2 hunks FAILED -- saving rejects to file qmail-showctl.c.rej
Targeting file qmail-control.9 ...
--> qmail-control.9 copied to qmail-control.9.071
--> Patching qmail source file qmail-control.9  ....
patching file qmail-control.9
Hunk #1 FAILED at 40.
1 out of 1 hunk FAILED -- saving rejects to file qmail-control.9.rej
Copying documentation and samples to /var/qmail/doc/ ...
Installation of qmail authentication 071 (Build 20100805095540) finished at Fri Jan 21 21:11:20 GMT 2011 <<<
